// Jest Snapshot v1, https://goo.gl/fbAQLP

exports[`if data gets passed into Visualizer 1`] = `
<DocumentFragment>
  <div
    data-testid="canvas"
  >
    <div
      class="Visualizer"
    >
      <svg
        height="1100"
        id="canvas"
        width="600"
      >
        <g
          transform="translate(0, 0), scale(1)"
        >
          <g
            fill="none"
            stroke="#646464"
            stroke-width="5"
          >
            <path
              d="M0,0C550,0,550,-8700,1100,-8700"
            />
            <path
              d="M0,0C550,0,550,-4200,1100,-4200"
            />
            <path
              d="M0,0C550,0,550,900,1100,900"
            />
            <path
              d="M0,0C550,0,550,4800,1100,4800"
            />
            <path
              d="M0,0C550,0,550,8700,1100,8700"
            />
            <path
              d="M1100,-8700C1650,-8700,1650,-9600,2200,-9600"
            />
            <path
              d="M1100,-8700C1650,-8700,1650,-9000,2200,-9000"
            />
            <path
              d="M1100,-8700C1650,-8700,1650,-8400,2200,-8400"
            />
            <path
              d="M1100,-8700C1650,-8700,1650,-7800,2200,-7800"
            />
            <path
              d="M1100,-4200C1650,-4200,1650,-6000,2200,-6000"
            />
            <path
              d="M1100,-4200C1650,-4200,1650,-4950,2200,-4950"
            />
            <path
              d="M1100,-4200C1650,-4200,1650,-3900,2200,-3900"
            />
            <path
              d="M1100,-4200C1650,-4200,1650,-2400,2200,-2400"
            />
            <path
              d="M1100,900C1650,900,1650,-600,2200,-600"
            />
            <path
              d="M1100,900C1650,900,1650,300,2200,300"
            />
            <path
              d="M1100,900C1650,900,1650,1200,2200,1200"
            />
            <path
              d="M1100,900C1650,900,1650,2400,2200,2400"
            />
            <path
              d="M1100,4800C1650,4800,1650,3600,2200,3600"
            />
            <path
              d="M1100,4800C1650,4800,1650,4800,2200,4800"
            />
            <path
              d="M1100,4800C1650,4800,1650,5400,2200,5400"
            />
            <path
              d="M1100,4800C1650,4800,1650,6000,2200,6000"
            />
            <path
              d="M1100,8700C1650,8700,1650,7200,2200,7200"
            />
            <path
              d="M1100,8700C1650,8700,1650,8700,2200,8700"
            />
            <path
              d="M1100,8700C1650,8700,1650,9450,2200,9450"
            />
            <path
              d="M1100,8700C1650,8700,1650,10200,2200,10200"
            />
            <path
              d="M2200,-9600C2750,-9600,2750,-9900,3300,-9900"
            />
            <path
              d="M2200,-9600C2750,-9600,2750,-9300,3300,-9300"
            />
            <path
              d="M2200,-7800C2750,-7800,2750,-7800,3300,-7800"
            />
            <path
              d="M2200,-6000C2750,-6000,2750,-6600,3300,-6600"
            />
            <path
              d="M2200,-6000C2750,-6000,2750,-6000,3300,-6000"
            />
            <path
              d="M2200,-6000C2750,-6000,2750,-5400,3300,-5400"
            />
            <path
              d="M2200,-3900C2750,-3900,2750,-4200,3300,-4200"
            />
            <path
              d="M2200,-3900C2750,-3900,2750,-3600,3300,-3600"
            />
            <path
              d="M2200,-2400C2750,-2400,2750,-2400,3300,-2400"
            />
            <path
              d="M2200,-600C2750,-600,2750,-1200,3300,-1200"
            />
            <path
              d="M2200,-600C2750,-600,2750,-600,3300,-600"
            />
            <path
              d="M2200,-600C2750,-600,2750,0,3300,0"
            />
            <path
              d="M2200,1200C2750,1200,2750,1200,3300,1200"
            />
            <path
              d="M2200,2400C2750,2400,2750,2400,3300,2400"
            />
            <path
              d="M2200,3600C2750,3600,2750,3600,3300,3600"
            />
            <path
              d="M2200,4800C2750,4800,2750,4800,3300,4800"
            />
            <path
              d="M2200,6000C2750,6000,2750,6000,3300,6000"
            />
            <path
              d="M2200,7200C2750,7200,2750,7200,3300,7200"
            />
            <path
              d="M2200,8700C2750,8700,2750,8400,3300,8400"
            />
            <path
              d="M2200,8700C2750,8700,2750,9000,3300,9000"
            />
            <path
              d="M2200,10200C2750,10200,2750,10200,3300,10200"
            />
          </g>
          <g
            stroke-linejoin="round"
            stroke-width="1"
          >
            <g
              class="atomNodes"
              transform="translate(0, 0)"
            >
              <text
                dy=".31em"
                stroke="#646464"
                stroke-width="2"
                style="font-size: 2rem; fill: white;"
                text-anchor="end"
                x="-75"
              >
                Recoil Root
              </text>
              <circle
                fill="#c300ff"
                r="50"
              />
              <text
                dy=".31em"
                style="font-size: 2rem; fill: white;"
                text-anchor="end"
                x="-75"
              >
                Recoil Root
              </text>
            </g>
            <g
              class="atomNodes"
              transform="translate(1100, -8700)"
            >
              <text
                dy=".31em"
                stroke="#646464"
                stroke-width="2"
                style="font-size: 2rem; fill: white;"
                text-anchor="end"
                x="-75"
              >
                dummyAtom1
              </text>
              <circle
                fill="#c300ff"
                r="50"
              />
              <text
                dy=".31em"
                style="font-size: 2rem; fill: white;"
                text-anchor="end"
                x="-75"
              >
                dummyAtom1
              </text>
            </g>
            <g
              class="atomNodes"
              transform="translate(1100, -4200)"
            >
              <text
                dy=".31em"
                stroke="#646464"
                stroke-width="2"
                style="font-size: 2rem; fill: white;"
                text-anchor="end"
                x="-75"
              >
                listState
              </text>
              <circle
                fill="#c300ff"
                r="50"
              />
              <text
                dy=".31em"
                style="font-size: 2rem; fill: white;"
                text-anchor="end"
                x="-75"
              >
                listState
              </text>
            </g>
            <g
              class="atomNodes"
              transform="translate(1100, 900)"
            >
              <text
                dy=".31em"
                stroke="#646464"
                stroke-width="2"
                style="font-size: 2rem; fill: white;"
                text-anchor="end"
                x="-75"
              >
                listState2
              </text>
              <circle
                fill="#c300ff"
                r="50"
              />
              <text
                dy=".31em"
                style="font-size: 2rem; fill: white;"
                text-anchor="end"
                x="-75"
              >
                listState2
              </text>
            </g>
            <g
              class="atomNodes"
              transform="translate(1100, 4800)"
            >
              <text
                dy=".31em"
                stroke="#646464"
                stroke-width="2"
                style="font-size: 2rem; fill: white;"
                text-anchor="end"
                x="-75"
              >
                selectorTest
              </text>
              <circle
                fill="#c300ff"
                r="50"
              />
              <text
                dy=".31em"
                style="font-size: 2rem; fill: white;"
                text-anchor="end"
                x="-75"
              >
                selectorTest
              </text>
            </g>
            <g
              class="atomNodes"
              transform="translate(1100, 8700)"
            >
              <text
                dy=".31em"
                stroke="#646464"
                stroke-width="2"
                style="font-size: 2rem; fill: white;"
                text-anchor="end"
                x="-75"
              >
                stateLengths
              </text>
              <circle
                fill="#c300ff"
                r="50"
              />
              <text
                dy=".31em"
                style="font-size: 2rem; fill: white;"
                text-anchor="end"
                x="-75"
              >
                stateLengths
              </text>
            </g>
            <g
              class="atomNodes"
              transform="translate(2200, -9600)"
            >
              <text
                dy=".31em"
                stroke="#646464"
                stroke-width="2"
                style="font-size: 2rem; fill: white;"
                text-anchor="end"
                x="-75"
              >
                contents
              </text>
              <circle
                fill="#c300ff"
                r="50"
              />
              <text
                dy=".31em"
                style="font-size: 2rem; fill: white;"
                text-anchor="end"
                x="-75"
              >
                contents
              </text>
            </g>
            <g
              class="atomNodes"
              transform="translate(2200, -9000)"
            >
              <text
                dy=".31em"
                stroke="#646464"
                stroke-width="2"
                style="font-size: 2rem; fill: white;"
                text-anchor="start"
                x="75"
              >
                nodeDeps
              </text>
              <circle
                fill="#c300ff"
                r="50"
              />
              <text
                dy=".31em"
                style="font-size: 2rem; fill: white;"
                text-anchor="start"
                x="75"
              >
                nodeDeps
              </text>
            </g>
            <g
              class="atomNodes"
              transform="translate(2200, -8400)"
            >
              <text
                dy=".31em"
                stroke="#646464"
                stroke-width="2"
                style="font-size: 2rem; fill: white;"
                text-anchor="start"
                x="75"
              >
                nodetoNodeSubscriptions
              </text>
              <circle
                fill="#c300ff"
                r="50"
              />
              <text
                dy=".31em"
                style="font-size: 2rem; fill: white;"
                text-anchor="start"
                x="75"
              >
                nodetoNodeSubscriptions
              </text>
            </g>
            <g
              class="atomNodes"
              transform="translate(2200, -7800)"
            >
              <text
                dy=".31em"
                stroke="#646464"
                stroke-width="2"
                style="font-size: 2rem; fill: white;"
                text-anchor="end"
                x="-75"
              >
                type
              </text>
              <circle
                fill="#c300ff"
                r="50"
              />
              <text
                dy=".31em"
                style="font-size: 2rem; fill: white;"
                text-anchor="end"
                x="-75"
              >
                type
              </text>
            </g>
            <g
              class="atomNodes"
              transform="translate(2200, -6000)"
            >
              <text
                dy=".31em"
                stroke="#646464"
                stroke-width="2"
                style="font-size: 2rem; fill: white;"
                text-anchor="end"
                x="-75"
              >
                contents
              </text>
              <circle
                fill="#c300ff"
                r="50"
              />
              <text
                dy=".31em"
                style="font-size: 2rem; fill: white;"
                text-anchor="end"
                x="-75"
              >
                contents
              </text>
            </g>
            <g
              class="atomNodes"
              transform="translate(2200, -4950)"
            >
              <text
                dy=".31em"
                stroke="#646464"
                stroke-width="2"
                style="font-size: 2rem; fill: white;"
                text-anchor="start"
                x="75"
              >
                nodeDeps
              </text>
              <circle
                fill="#c300ff"
                r="50"
              />
              <text
                dy=".31em"
                style="font-size: 2rem; fill: white;"
                text-anchor="start"
                x="75"
              >
                nodeDeps
              </text>
            </g>
            <g
              class="atomNodes"
              transform="translate(2200, -3900)"
            >
              <text
                dy=".31em"
                stroke="#646464"
                stroke-width="2"
                style="font-size: 2rem; fill: white;"
                text-anchor="end"
                x="-75"
              >
                nodetoNodeSubscriptions
              </text>
              <circle
                fill="#c300ff"
                r="50"
              />
              <text
                dy=".31em"
                style="font-size: 2rem; fill: white;"
                text-anchor="end"
                x="-75"
              >
                nodetoNodeSubscriptions
              </text>
            </g>
            <g
              class="atomNodes"
              transform="translate(2200, -2400)"
            >
              <text
                dy=".31em"
                stroke="#646464"
                stroke-width="2"
                style="font-size: 2rem; fill: white;"
                text-anchor="end"
                x="-75"
              >
                type
              </text>
              <circle
                fill="#c300ff"
                r="50"
              />
              <text
                dy=".31em"
                style="font-size: 2rem; fill: white;"
                text-anchor="end"
                x="-75"
              >
                type
              </text>
            </g>
            <g
              class="atomNodes"
              transform="translate(2200, -600)"
            >
              <text
                dy=".31em"
                stroke="#646464"
                stroke-width="2"
                style="font-size: 2rem; fill: white;"
                text-anchor="end"
                x="-75"
              >
                contents
              </text>
              <circle
                fill="#c300ff"
                r="50"
              />
              <text
                dy=".31em"
                style="font-size: 2rem; fill: white;"
                text-anchor="end"
                x="-75"
              >
                contents
              </text>
            </g>
            <g
              class="atomNodes"
              transform="translate(2200, 300)"
            >
              <text
                dy=".31em"
                stroke="#646464"
                stroke-width="2"
                style="font-size: 2rem; fill: white;"
                text-anchor="start"
                x="75"
              >
                nodeDeps
              </text>
              <circle
                fill="#c300ff"
                r="50"
              />
              <text
                dy=".31em"
                style="font-size: 2rem; fill: white;"
                text-anchor="start"
                x="75"
              >
                nodeDeps
              </text>
            </g>
            <g
              class="atomNodes"
              transform="translate(2200, 1200)"
            >
              <text
                dy=".31em"
                stroke="#646464"
                stroke-width="2"
                style="font-size: 2rem; fill: white;"
                text-anchor="end"
                x="-75"
              >
                nodetoNodeSubscriptions
              </text>
              <circle
                fill="#c300ff"
                r="50"
              />
              <text
                dy=".31em"
                style="font-size: 2rem; fill: white;"
                text-anchor="end"
                x="-75"
              >
                nodetoNodeSubscriptions
              </text>
            </g>
            <g
              class="atomNodes"
              transform="translate(2200, 2400)"
            >
              <text
                dy=".31em"
                stroke="#646464"
                stroke-width="2"
                style="font-size: 2rem; fill: white;"
                text-anchor="end"
                x="-75"
              >
                type
              </text>
              <circle
                fill="#c300ff"
                r="50"
              />
              <text
                dy=".31em"
                style="font-size: 2rem; fill: white;"
                text-anchor="end"
                x="-75"
              >
                type
              </text>
            </g>
            <g
              class="atomNodes"
              transform="translate(2200, 3600)"
            >
              <text
                dy=".31em"
                stroke="#646464"
                stroke-width="2"
                style="font-size: 2rem; fill: white;"
                text-anchor="end"
                x="-75"
              >
                contents
              </text>
              <circle
                fill="#c300ff"
                r="50"
              />
              <text
                dy=".31em"
                style="font-size: 2rem; fill: white;"
                text-anchor="end"
                x="-75"
              >
                contents
              </text>
            </g>
            <g
              class="atomNodes"
              transform="translate(2200, 4800)"
            >
              <text
                dy=".31em"
                stroke="#646464"
                stroke-width="2"
                style="font-size: 2rem; fill: white;"
                text-anchor="end"
                x="-75"
              >
                nodeDeps
              </text>
              <circle
                fill="#c300ff"
                r="50"
              />
              <text
                dy=".31em"
                style="font-size: 2rem; fill: white;"
                text-anchor="end"
                x="-75"
              >
                nodeDeps
              </text>
            </g>
            <g
              class="atomNodes"
              transform="translate(2200, 5400)"
            >
              <text
                dy=".31em"
                stroke="#646464"
                stroke-width="2"
                style="font-size: 2rem; fill: white;"
                text-anchor="start"
                x="75"
              >
                nodetoNodeSubscriptions
              </text>
              <circle
                fill="#c300ff"
                r="50"
              />
              <text
                dy=".31em"
                style="font-size: 2rem; fill: white;"
                text-anchor="start"
                x="75"
              >
                nodetoNodeSubscriptions
              </text>
            </g>
            <g
              class="atomNodes"
              transform="translate(2200, 6000)"
            >
              <text
                dy=".31em"
                stroke="#646464"
                stroke-width="2"
                style="font-size: 2rem; fill: white;"
                text-anchor="end"
                x="-75"
              >
                type
              </text>
              <circle
                fill="#c300ff"
                r="50"
              />
              <text
                dy=".31em"
                style="font-size: 2rem; fill: white;"
                text-anchor="end"
                x="-75"
              >
                type
              </text>
            </g>
            <g
              class="atomNodes"
              transform="translate(2200, 7200)"
            >
              <text
                dy=".31em"
                stroke="#646464"
                stroke-width="2"
                style="font-size: 2rem; fill: white;"
                text-anchor="end"
                x="-75"
              >
                contents
              </text>
              <circle
                fill="#c300ff"
                r="50"
              />
              <text
                dy=".31em"
                style="font-size: 2rem; fill: white;"
                text-anchor="end"
                x="-75"
              >
                contents
              </text>
            </g>
            <g
              class="atomNodes"
              transform="translate(2200, 8700)"
            >
              <text
                dy=".31em"
                stroke="#646464"
                stroke-width="2"
                style="font-size: 2rem; fill: white;"
                text-anchor="end"
                x="-75"
              >
                nodeDeps
              </text>
              <circle
                fill="#c300ff"
                r="50"
              />
              <text
                dy=".31em"
                style="font-size: 2rem; fill: white;"
                text-anchor="end"
                x="-75"
              >
                nodeDeps
              </text>
            </g>
            <g
              class="atomNodes"
              transform="translate(2200, 9450)"
            >
              <text
                dy=".31em"
                stroke="#646464"
                stroke-width="2"
                style="font-size: 2rem; fill: white;"
                text-anchor="start"
                x="75"
              >
                nodetoNodeSubscriptions
              </text>
              <circle
                fill="#c300ff"
                r="50"
              />
              <text
                dy=".31em"
                style="font-size: 2rem; fill: white;"
                text-anchor="start"
                x="75"
              >
                nodetoNodeSubscriptions
              </text>
            </g>
            <g
              class="atomNodes"
              transform="translate(2200, 10200)"
            >
              <text
                dy=".31em"
                stroke="#646464"
                stroke-width="2"
                style="font-size: 2rem; fill: white;"
                text-anchor="end"
                x="-75"
              >
                type
              </text>
              <circle
                fill="#c300ff"
                r="50"
              />
              <text
                dy=".31em"
                style="font-size: 2rem; fill: white;"
                text-anchor="end"
                x="-75"
              >
                type
              </text>
            </g>
            <g
              class="atomNodes"
              transform="translate(3300, -9900)"
            >
              <text
                dy=".31em"
                stroke="#646464"
                stroke-width="2"
                style="font-size: 2rem; fill: white;"
                text-anchor="start"
                x="75"
              >
                hello
              </text>
              <circle
                fill="#c300ff"
                r="50"
              />
              <text
                dy=".31em"
                style="font-size: 2rem; fill: white;"
                text-anchor="start"
                x="75"
              >
                hello
              </text>
            </g>
            <g
              class="atomNodes"
              transform="translate(3300, -9300)"
            >
              <text
                dy=".31em"
                stroke="#646464"
                stroke-width="2"
                style="font-size: 2rem; fill: white;"
                text-anchor="start"
                x="75"
              >
                hi
              </text>
              <circle
                fill="#c300ff"
                r="50"
              />
              <text
                dy=".31em"
                style="font-size: 2rem; fill: white;"
                text-anchor="start"
                x="75"
              >
                hi
              </text>
            </g>
            <g
              class="atomNodes"
              transform="translate(3300, -7800)"
            >
              <text
                dy=".31em"
                stroke="#646464"
                stroke-width="2"
                style="font-size: 2rem; fill: white;"
                text-anchor="start"
                x="75"
              >
                "RecoilState"
              </text>
              <circle
                fill="#c300ff"
                r="50"
              />
              <text
                dy=".31em"
                style="font-size: 2rem; fill: white;"
                text-anchor="start"
                x="75"
              >
                "RecoilState"
              </text>
            </g>
            <g
              class="atomNodes"
              transform="translate(3300, -6600)"
            >
              <text
                dy=".31em"
                stroke="#646464"
                stroke-width="2"
                style="font-size: 2rem; fill: white;"
                text-anchor="start"
                x="75"
              >
                contents[0]
              </text>
              <circle
                fill="#c300ff"
                r="50"
              />
              <text
                dy=".31em"
                style="font-size: 2rem; fill: white;"
                text-anchor="start"
                x="75"
              >
                contents[0]
              </text>
            </g>
            <g
              class="atomNodes"
              transform="translate(3300, -6000)"
            >
              <text
                dy=".31em"
                stroke="#646464"
                stroke-width="2"
                style="font-size: 2rem; fill: white;"
                text-anchor="start"
                x="75"
              >
                contents[1]
              </text>
              <circle
                fill="#c300ff"
                r="50"
              />
              <text
                dy=".31em"
                style="font-size: 2rem; fill: white;"
                text-anchor="start"
                x="75"
              >
                contents[1]
              </text>
            </g>
            <g
              class="atomNodes"
              transform="translate(3300, -5400)"
            >
              <text
                dy=".31em"
                stroke="#646464"
                stroke-width="2"
                style="font-size: 2rem; fill: white;"
                text-anchor="start"
                x="75"
              >
                contents[2]
              </text>
              <circle
                fill="#c300ff"
                r="50"
              />
              <text
                dy=".31em"
                style="font-size: 2rem; fill: white;"
                text-anchor="start"
                x="75"
              >
                contents[2]
              </text>
            </g>
            <g
              class="atomNodes"
              transform="translate(3300, -4200)"
            >
              <text
                dy=".31em"
                stroke="#646464"
                stroke-width="2"
                style="font-size: 2rem; fill: white;"
                text-anchor="start"
                x="75"
              >
                nodetoNodeSubscriptions[0]
              </text>
              <circle
                fill="#c300ff"
                r="50"
              />
              <text
                dy=".31em"
                style="font-size: 2rem; fill: white;"
                text-anchor="start"
                x="75"
              >
                nodetoNodeSubscriptions[0]
              </text>
            </g>
            <g
              class="atomNodes"
              transform="translate(3300, -3600)"
            >
              <text
                dy=".31em"
                stroke="#646464"
                stroke-width="2"
                style="font-size: 2rem; fill: white;"
                text-anchor="start"
                x="75"
              >
                nodetoNodeSubscriptions[1]
              </text>
              <circle
                fill="#c300ff"
                r="50"
              />
              <text
                dy=".31em"
                style="font-size: 2rem; fill: white;"
                text-anchor="start"
                x="75"
              >
                nodetoNodeSubscriptions[1]
              </text>
            </g>
            <g
              class="atomNodes"
              transform="translate(3300, -2400)"
            >
              <text
                dy=".31em"
                stroke="#646464"
                stroke-width="2"
                style="font-size: 2rem; fill: white;"
                text-anchor="start"
                x="75"
              >
                "RecoilState"
              </text>
              <circle
                fill="#c300ff"
                r="50"
              />
              <text
                dy=".31em"
                style="font-size: 2rem; fill: white;"
                text-anchor="start"
                x="75"
              >
                "RecoilState"
              </text>
            </g>
            <g
              class="atomNodes"
              transform="translate(3300, -1200)"
            >
              <text
                dy=".31em"
                stroke="#646464"
                stroke-width="2"
                style="font-size: 2rem; fill: white;"
                text-anchor="start"
                x="75"
              >
                contents[0]
              </text>
              <circle
                fill="#c300ff"
                r="50"
              />
              <text
                dy=".31em"
                style="font-size: 2rem; fill: white;"
                text-anchor="start"
                x="75"
              >
                contents[0]
              </text>
            </g>
            <g
              class="atomNodes"
              transform="translate(3300, -600)"
            >
              <text
                dy=".31em"
                stroke="#646464"
                stroke-width="2"
                style="font-size: 2rem; fill: white;"
                text-anchor="start"
                x="75"
              >
                contents[1]
              </text>
              <circle
                fill="#c300ff"
                r="50"
              />
              <text
                dy=".31em"
                style="font-size: 2rem; fill: white;"
                text-anchor="start"
                x="75"
              >
                contents[1]
              </text>
            </g>
            <g
              class="atomNodes"
              transform="translate(3300, 0)"
            >
              <text
                dy=".31em"
                stroke="#646464"
                stroke-width="2"
                style="font-size: 2rem; fill: white;"
                text-anchor="start"
                x="75"
              >
                contents[2]
              </text>
              <circle
                fill="#c300ff"
                r="50"
              />
              <text
                dy=".31em"
                style="font-size: 2rem; fill: white;"
                text-anchor="start"
                x="75"
              >
                contents[2]
              </text>
            </g>
            <g
              class="atomNodes"
              transform="translate(3300, 1200)"
            >
              <text
                dy=".31em"
                stroke="#646464"
                stroke-width="2"
                style="font-size: 2rem; fill: white;"
                text-anchor="start"
                x="75"
              >
                nodetoNodeSubscriptions[0]
              </text>
              <circle
                fill="#c300ff"
                r="50"
              />
              <text
                dy=".31em"
                style="font-size: 2rem; fill: white;"
                text-anchor="start"
                x="75"
              >
                nodetoNodeSubscriptions[0]
              </text>
            </g>
            <g
              class="atomNodes"
              transform="translate(3300, 2400)"
            >
              <text
                dy=".31em"
                stroke="#646464"
                stroke-width="2"
                style="font-size: 2rem; fill: white;"
                text-anchor="start"
                x="75"
              >
                "RecoilState"
              </text>
              <circle
                fill="#c300ff"
                r="50"
              />
              <text
                dy=".31em"
                style="font-size: 2rem; fill: white;"
                text-anchor="start"
                x="75"
              >
                "RecoilState"
              </text>
            </g>
            <g
              class="atomNodes"
              transform="translate(3300, 3600)"
            >
              <text
                dy=".31em"
                stroke="#646464"
                stroke-width="2"
                style="font-size: 2rem; fill: white;"
                text-anchor="start"
                x="75"
              >
                "test"
              </text>
              <circle
                fill="#c300ff"
                r="50"
              />
              <text
                dy=".31em"
                style="font-size: 2rem; fill: white;"
                text-anchor="start"
                x="75"
              >
                "test"
              </text>
            </g>
            <g
              class="atomNodes"
              transform="translate(3300, 4800)"
            >
              <text
                dy=".31em"
                stroke="#646464"
                stroke-width="2"
                style="font-size: 2rem; fill: white;"
                text-anchor="start"
                x="75"
              >
                nodeDeps[0]
              </text>
              <circle
                fill="#c300ff"
                r="50"
              />
              <text
                dy=".31em"
                style="font-size: 2rem; fill: white;"
                text-anchor="start"
                x="75"
              >
                nodeDeps[0]
              </text>
            </g>
            <g
              class="atomNodes"
              transform="translate(3300, 6000)"
            >
              <text
                dy=".31em"
                stroke="#646464"
                stroke-width="2"
                style="font-size: 2rem; fill: white;"
                text-anchor="start"
                x="75"
              >
                "RecoilValueReadOnly"
              </text>
              <circle
                fill="#c300ff"
                r="50"
              />
              <text
                dy=".31em"
                style="font-size: 2rem; fill: white;"
                text-anchor="start"
                x="75"
              >
                "RecoilValueReadOnly"
              </text>
            </g>
            <g
              class="atomNodes"
              transform="translate(3300, 7200)"
            >
              <text
                dy=".31em"
                stroke="#646464"
                stroke-width="2"
                style="font-size: 2rem; fill: white;"
                text-anchor="start"
                x="75"
              >
                6
              </text>
              <circle
                fill="#c300ff"
                r="50"
              />
              <text
                dy=".31em"
                style="font-size: 2rem; fill: white;"
                text-anchor="start"
                x="75"
              >
                6
              </text>
            </g>
            <g
              class="atomNodes"
              transform="translate(3300, 8400)"
            >
              <text
                dy=".31em"
                stroke="#646464"
                stroke-width="2"
                style="font-size: 2rem; fill: white;"
                text-anchor="start"
                x="75"
              >
                nodeDeps[0]
              </text>
              <circle
                fill="#c300ff"
                r="50"
              />
              <text
                dy=".31em"
                style="font-size: 2rem; fill: white;"
                text-anchor="start"
                x="75"
              >
                nodeDeps[0]
              </text>
            </g>
            <g
              class="atomNodes"
              transform="translate(3300, 9000)"
            >
              <text
                dy=".31em"
                stroke="#646464"
                stroke-width="2"
                style="font-size: 2rem; fill: white;"
                text-anchor="start"
                x="75"
              >
                nodeDeps[1]
              </text>
              <circle
                fill="#c300ff"
                r="50"
              />
              <text
                dy=".31em"
                style="font-size: 2rem; fill: white;"
                text-anchor="start"
                x="75"
              >
                nodeDeps[1]
              </text>
            </g>
            <g
              class="atomNodes"
              transform="translate(3300, 10200)"
            >
              <text
                dy=".31em"
                stroke="#646464"
                stroke-width="2"
                style="font-size: 2rem; fill: white;"
                text-anchor="start"
                x="75"
              >
                "RecoilValueReadOnly"
              </text>
              <circle
                fill="#c300ff"
                r="50"
              />
              <text
                dy=".31em"
                style="font-size: 2rem; fill: white;"
                text-anchor="start"
                x="75"
              >
                "RecoilValueReadOnly"
              </text>
            </g>
          </g>
        </g>
      </svg>
    </div>
  </div>
</DocumentFragment>
`;

exports[`should match snapshot 1`] = `
<DocumentFragment>
  <div
    data-testid="canvas"
  >
    <div
      class="Visualizer"
    >
      <svg
        height="1100"
        id="canvas"
        width="600"
      >
        <g
          transform="translate(0, 0), scale(1)"
        >
          <g
            fill="none"
            stroke="#646464"
            stroke-width="5"
          />
          <g
            stroke-linejoin="round"
            stroke-width="1"
          >
            <g
              class="atomNodes"
              transform="translate(0, 0)"
            >
              <text
                dy=".31em"
                stroke="#646464"
                stroke-width="2"
                style="font-size: 2rem; fill: white;"
                text-anchor="start"
                x="75"
              >
                Recoil Root
              </text>
              <circle
                fill="#c300ff"
                r="50"
              />
              <text
                dy=".31em"
                style="font-size: 2rem; fill: white;"
                text-anchor="start"
                x="75"
              >
                Recoil Root
              </text>
            </g>
          </g>
        </g>
      </svg>
    </div>
  </div>
</DocumentFragment>
`;
